AREA .  .ABS.
	RADIX HEX
	BASE 0000
	SIZE 0000
	ATTRIB ABS OVR
	GLOBALS
		l__HEAP	0000
		l__BSEG	0000
		l_.  .ABS.	0000
		l__GSFINAL	0000
		l__ISEG	0000
		s_.  .ABS.	0000
		s__HEADER	0000
		l__XSEG	0000
		.init	0000
		l__OVERLAY	0000
		l__LIT	0000
		s__SFR	0000
		l__GSINITTAIL	0001
		l__BSS	0084
		l__HOME	01AC
		l__HEADER	01EB
		s__CODE	0200
		l__DATA	07EE
		l__CODE	0C5F
		s__HOME	0E5F
		s__BASE	100B
		l__BASE	1BF0
		s__LIT	2BFB
		s__GSINIT	2BFB
		l__GSINIT	2E74
		s__GSINITTAIL	5A6F
		s__GSFINAL	5A70
		.OAM	C000
		s__DATA	C0A0
		s__BSS	C88E
		s__HEAP	C912
		s__BSEG	C912
		s__ISEG	C912
		s__XSEG	C912
		s__OVERLAY	C912
		.STACK	E000
		.refresh_OAM	FF80
		l__SFR	10000
AREA _CODE
	RADIX HEX
	BASE 0200
	SIZE 0C5F
	ATTRIB REL CON
	GLOBALS
		_movePlayer	0200
		_setUpPlayer	02A5
		_fire	033A
		_updateLaser	03A8
		_performantdelay	03FC
		_initWin	0410
		_setUpHUD	042C
		_addAdditionalText	042D
		_startLevelOne	043C
		_updateLOne	0467
		_main	0475
		_gameLoop	0482
		_mainMenuInput	04F1
		_checkInput	064D
		_levelHandler	06CA
		_levelUpdater	06DC
		_putchar	06EE
		_setchar	06F7
		_gotoxy	0700
		_posx	070B
		_posy	071C
		.adv_gcurs	072D
		.circle	074A
		.horlin	07ED
		.verlin	0825
		.circplot	0881
		.box	08FF
		.line	09D5
		.xonly	0AF6
		.yonly	0C45
		.plot	0C66
		.wrbyte	0C83
		.getpix	0D05
		.wrtchr	0D3A
		_gotogxy	0D9E
		_wrtchr	0DA9
		_getpix	0DBE
		_color	0DCA
		_circle	0DD9
		_box	0DF3
		_line	0E17
		_plot_point	0E2F
		_plot	0E43
AREA _HEADER
	RADIX HEX
	BASE 0000
	SIZE 01EB
	ATTRIB ABS OVR
	GLOBALS
		_exit	01D2
AREA _HOME
	RADIX HEX
	BASE 0E5F
	SIZE 01AC
	ATTRIB REL CON
	GLOBALS
		.set_mode	0E5F
		.remove_VBL	0E6F
		.remove_LCD	0E75
		.remove_TIM	0E7B
		.remove_SIO	0E81
		.remove_JOY	0E87
		.add_VBL	0E8D
		.add_LCD	0E93
		.add_TIM	0E99
		.add_SIO	0E9F
		.add_JOY	0EA5
		.remove_int	0EAB
		.add_int	0ECB
		.wait_vbl_done	0EE7
		_wait_vbl_done	0EE7
		_display_off	0EFE
		.display_off	0EFE
		.serial_IO	0F1F
		_mode	0F4E
		_get_mode	0F57
		_enable_interrupts	0F5C
		_disable_interrupts	0F5E
		_reset	0F60
		.reset	0F60
		_set_interrupts	0F66
		_remove_VBL	0F71
		_remove_LCD	0F7C
		_remove_TIM	0F87
		_remove_SIO	0F92
		_remove_JOY	0F9D
		_add_VBL	0FA8
		_add_LCD	0FB3
		_add_TIM	0FBE
		_add_SIO	0FC9
		_add_JOY	0FD4
		_clock	0FDF
		__printTStates	0FE8
		banked_call	0FE9
		banked_ret	1002
AREA _BASE
	RADIX HEX
	BASE 100B
	SIZE 1BF0
	ATTRIB REL CON
	GLOBALS
		font_copy_uncompressed	100B
		font_copy_compressed	1041
		font_load	1096
		font_copy_current	10DE
		font_set	1126
		.put_char	1133
		.out_char	114C
		.del_char	1153
		_font_load	11AE
		_font_set	11BC
		_font_init	11CB
		_cls	11ED
		.cls	11ED
		.cr_curs	121F
		.adv_curs	1234
		.tmode	1290
		.tmode_out	12B9
		_scroll_bkg	12C9
		_move_win	12DF
		.mv_sprite	12E8
		_move_sprite	12F7
		_font_spect	1304
		_set_win_tiles	1686
		_set_win_data	169A
		_set_bkg_data	169A
		_set_sprite_data	16E7
		_font_load_ibm_fixed	1716
		_font_ibm_fixed	171D
		_font_ibm_fixed_tiles	181F
		.gmode	201F
		.vbl	2081
		.lcd	208C
		.draw_image	2099
		.switch_data	20A3
		_switch_data	20DA
		_draw_image	20F5
		.y_table	2108
		.padup	2228
		_waitpadup	2228
		.jpad	2238
		.wait_pad	2265
		_joypad	226C
		_waitpad	2271
		_font_italic	227B
		_font_ibm	25E5
		.set_sprite_tile	2967
		_set_sprite_tile	2974
		.init_vram	297F
		.init_wtt	298D
		.init_btt	299D
		.init_tt	29AB
		_font_min	29B1
		.copy_vram	2B5B
		_get_data	2B6A
		_set_data	2B6A
		_set_bkg_tiles	2B7D
		.set_xy_wtt	2B91
		.set_xy_btt	2BA2
		.set_xy_tt	2BB1
		_set_tiles	2BE2
AREA _LIT
	RADIX HEX
	BASE 2BFB
	SIZE 0000
	ATTRIB REL CON
AREA _GSINIT
	RADIX HEX
	BASE 2BFB
	SIZE 2E74
	ATTRIB REL CON
	GLOBALS
		gsinit	2BFB
AREA _GSINITTAIL
	RADIX HEX
	BASE 5A6F
	SIZE 0001
	ATTRIB REL CON
AREA _GSFINAL
	RADIX HEX
	BASE 5A70
	SIZE 0000
	ATTRIB REL CON
AREA _DATA
	RADIX HEX
	BASE C0A0
	SIZE 07EE
	ATTRIB REL CON
	GLOBALS
		_n1	C0A0
		_bullet	C0E0
		_player	C0F0
		_laserXs	C0F8
		_initXs	C103
		_laserYs	C10E
		_laserExists	C119
		_spritesize	C11A
		_lives	C11B
		_index	C11C
		_pHealth	C11D
		_pMaxHealth	C11E
		_laserIndex	C11F
		_min_font	C120
		_tempLogo	C122
		_whiteOut	C17C
		_LogoTiles	C1D6
		_SpaceMap	C506
		_spaceTiles	C7D6
		_distance	C886
		_onBoss	C888
		_gameRunning	C889
		_gameState	C88A
		_currentLevel	C88B
		_fireCoolDown	C88C
		_numOfLoops	C88D
AREA _BSS
	RADIX HEX
	BASE C88E
	SIZE 0084
	ATTRIB REL CON
	GLOBALS
		__cpu	C88E
		.mode	C88F
		__io_out	C890
		__io_in	C891
		__io_status	C892
		.vbl_done	C893
		__current_bank	C894
		_sys_time	C895
		.sys_time	C895
		.int_0x40	C897
		.int_0x48	C8A7
		.int_0x50	C8B7
		.int_0x58	C8C7
		.int_0x60	C8D7
		font_current	C8E7
		font_first_free_tile	C8EA
		font_table	C8EB
		.curx	C8FD
		.cury	C8FE
		.fg_colour	C8FF
		.bg_colour	C900
AREA _HEAP
	RADIX HEX
	BASE C912
	SIZE 0000
	ATTRIB REL CON
	GLOBALS
		_malloc_heap_start	C912
AREA _OVERLAY
	RADIX HEX
	BASE C912
	SIZE 0000
	ATTRIB REL CON
AREA _ISEG
	RADIX HEX
	BASE C912
	SIZE 0000
	ATTRIB REL CON
AREA _BSEG
	RADIX HEX
	BASE C912
	SIZE 0000
	ATTRIB REL CON
AREA _XSEG
	RADIX HEX
	BASE C912
	SIZE 0000
	ATTRIB REL CON
AREA _SFR
	RADIX HEX
	BASE 0000
	SIZE 10000
	ATTRIB ABS OVR
	GLOBALS
		_P1_REG	FF00
		_SB_REG	FF01
		_SC_REG	FF02
		_DIV_REG	FF04
		_TIMA_REG	FF05
		_TMA_REG	FF06
		_TAC_REG	FF07
		_IF_REG	FF0F
		_NR10_REG	FF10
		_NR11_REG	FF11
		_NR12_REG	FF12
		_NR13_REG	FF13
		_NR14_REG	FF14
		_NR21_REG	FF16
		_NR22_REG	FF17
		_NR23_REG	FF18
		_NR24_REG	FF19
		_NR30_REG	FF1A
		_NR31_REG	FF1B
		_NR32_REG	FF1C
		_NR33_REG	FF1D
		_NR34_REG	FF1E
		_NR41_REG	FF20
		_NR42_REG	FF21
		_NR43_REG	FF22
		_NR44_REG	FF23
		_NR50_REG	FF24
		_NR51_REG	FF25
		_NR52_REG	FF26
		_LCDC_REG	FF40
		_STAT_REG	FF41
		_SCY_REG	FF42
		_SCX_REG	FF43
		_LY_REG	FF44
		_LYC_REG	FF45
		_DMA_REG	FF46
		_BGP_REG	FF47
		_OBP0_REG	FF48
		_OBP1_REG	FF49
		_WY_REG	FF4A
		_WX_REG	FF4B
		_KEY1_REG	FF4D
		_VBK_REG	FF4F
		_HDMA1_REG	FF51
		_HDMA2_REG	FF52
		_HDMA3_REG	FF53
		_HDMA4_REG	FF54
		_HDMA5_REG	FF55
		_RP_REG	FF56
		_BCPS_REG	FF68
		_BCPD_REG	FF69
		_OCPS_REG	FF6A
		_OCPD_REG	FF6B
		_SVBK_REG	FF70
		_IE_REG	FFFF
MODULES
	FILE c:\gbdk\lib/small/asxxxx/gb/crt0.o
		NAME Runtime
	FILE main.o
		NAME lcc617240
LIBRARIES
	LIBRARY c:\gbdk\lib/small/asxxxx/gb/gb.lib
		MODULE sfr.o
	LIBRARY c:\gbdk\lib/small/asxxxx/gb/gb.lib
		MODULE font.o
	LIBRARY c:\gbdk\lib/small/asxxxx/gb/gb.lib
		MODULE scroll_b.o
	LIBRARY c:\gbdk\lib/small/asxxxx/gb/gb.lib
		MODULE mv_win.o
	LIBRARY c:\gbdk\lib/small/asxxxx/gb/gb.lib
		MODULE mv_spr.o
	LIBRARY c:\gbdk\lib/small/asxxxx/gb/gb.lib
		MODULE f_spect.o
	LIBRARY c:\gbdk\lib/small/asxxxx/gb/gb.lib
		MODULE set_wi_t.o
	LIBRARY c:\gbdk\lib/small/asxxxx/gb/gb.lib
		MODULE set_data.o
	LIBRARY c:\gbdk\lib/small/asxxxx/gb/gb.lib
		MODULE ibmfixed.o
	LIBRARY c:\gbdk\lib/small/asxxxx/gb/gb.lib
		MODULE drawing.o
	LIBRARY c:\gbdk\lib/small/asxxxx/gb/gb.lib
		MODULE pad.o
	LIBRARY c:\gbdk\lib/small/asxxxx/gb/gb.lib
		MODULE f_italic.o
	LIBRARY c:\gbdk\lib/small/asxxxx/gb/gb.lib
		MODULE f_ibm_sh.o
	LIBRARY c:\gbdk\lib/small/asxxxx/gb/gb.lib
		MODULE set_spr.o
	LIBRARY c:\gbdk\lib/small/asxxxx/gb/gb.lib
		MODULE init_tt.o
	LIBRARY c:\gbdk\lib/small/asxxxx/gb/gb.lib
		MODULE f_min.o
	LIBRARY c:\gbdk\lib/small/asxxxx/gb/gb.lib
		MODULE cpy_data.o
	LIBRARY c:\gbdk\lib/small/asxxxx/gb/gb.lib
		MODULE set_bk_t.o
	LIBRARY c:\gbdk\lib/small/asxxxx/gb/gb.lib
		MODULE set_xy_t.o
USERBASEDEF
	_CODE=0x0200
	_DATA=0xC0A0
	_CODE_1=0x4000
USERGLOBALDEF
	.OAM=0xC000
	.STACK=0xE000
	.refresh_OAM=0xFF80
	.init=0x0000
